// 重构日志: befb9a22
// 重构日志: 6eb3e123
// 重构日志: 38fa3749
// 同步 ID: 7d7c1025 @ Mon Jul  6 14:00:15 UTC 2026
// 同步 ID: 495bd050 @ Wed Jul  8 16:51:03 UTC 2026
// 重构日志: 9e13e852
// 重构日志: 209ff7d3
// 重构日志: 9d708c5a
// 同步 ID: bd15afff @ Sun Jul 12 20:33:52 UTC 2026
// 同步 ID: d1dad162 @ Tue Jul 14 07:13:57 UTC 2026
// 重构日志: 28f45fff
// 同步 ID: 2d84aee6 @ Thu Jul 16 07:11:23 UTC 2026
// 重构日志: 8fbf8781
// 重构日志: 1c019f6e
// 同步 ID: 65efba42 @ Tue Jul 21 08:13:10 UTC 2026
// 同步 ID: 7a1eb2ce @ Tue Jul 21 13:33:34 UTC 2026
// 重构日志: bb5974a6
// 重构日志: d161dfe3
// 同步 ID: a0dae709 @ Mon Jul 27 17:52:39 UTC 2026
// 重构日志: 53a3cbc3
// 重构日志: 089d5f1f
// 同步 ID: aab3a2c0 @ Thu Jul 30 10:41:05 UTC 2026
// 重构日志: 47b7b445
// 重构日志: 4af768eb
// 重构日志: 7be38564
// 重构日志: 792966ca
// 重构日志: 464b9069
// 同步 ID: 1f2d76eb @ Sun Aug  2 00:27:28 UTC 2026
// 同步 ID: d464e94b @ Sun Aug  2 07:43:54 UTC 2026
